22:41:25 **** Auto Build of configuration Debug for project axi_stream_loop ****
make pre-build main-build 
a9-linaro-pre-build-step
' '
'Building file: ../src/main.c'
'Invoking: ARM v7 gcc compiler'
arm-none-eabi-gcc -Wall -O0 -g3 -c -fmessage-length=0 -MT"src/main.o" -mcpu=cortex-a9 -mfpu=vfpv3 -mfloat-abi=hard -I../../axi_stream_loop_bsp/ps7_cortexa9_0/include -MMD -MP -MF"src/main.d" -MT"src/main.o" -o "src/main.o" "../src/main.c"
'Finished building: ../src/main.c'
' '
'Building target: axi_stream_loop.elf'
'Invoking: ARM v7 gcc linker'
arm-none-eabi-gcc -mcpu=cortex-a9 -mfpu=vfpv3 -mfloat-abi=hard -Wl,-build-id=none -specs=Xilinx.spec -Wl,-T -Wl,../src/lscript.ld -L../../axi_stream_loop_bsp/ps7_cortexa9_0/lib -o "axi_stream_loop.elf"  ./src/main.o   -Wl,--start-group,-lxil,-lgcc,-lc,--end-group
'Finished building target: axi_stream_loop.elf'
' '
'Invoking: ARM v7 Print Size'
arm-none-eabi-size axi_stream_loop.elf  |tee "axi_stream_loop.elf.size"
   text	   data	    bss	    dec	    hex	filename
  39640	   3032	  24536	  67208	  10688	axi_stream_loop.elf
'Finished building: axi_stream_loop.elf.size'
' '

22:41:26 Build Finished (took 710ms)

